{
  "version": "1.5.0",
  "plugins_used": [
    {
      "name": "ArtifactoryDetector"
    },
    {
      "name": "AWSKeyDetector"
    },
    {
      "name": "AzureStorageKeyDetector"
    },
    {
      "name": "Base64HighEntropyString",
      "limit": 4.5
    },
    {
      "name": "BasicAuthDetector"
    },
    {
      "name": "CloudantDetector"
    },
    {
      "name": "DiscordBotTokenDetector"
    },
    {
      "name": "GitHubTokenDetector"
    },
    {
      "name": "GitLabTokenDetector"
    },
    {
      "name": "HexHighEntropyString",
      "limit": 3.0
    },
    {
      "name": "IbmCloudIamDetector"
    },
    {
      "name": "IbmCosHmacDetector"
    },
    {
      "name": "IPPublicDetector"
    },
    {
      "name": "JwtTokenDetector"
    },
    {
      "name": "KeywordDetector",
      "keyword_exclude": ""
    },
    {
      "name": "MailchimpDetector"
    },
    {
      "name": "NpmDetector"
    },
    {
      "name": "OpenAIDetector"
    },
    {
      "name": "PrivateKeyDetector"
    },
    {
      "name": "PypiTokenDetector"
    },
    {
      "name": "SendGridDetector"
    },
    {
      "name": "SlackDetector"
    },
    {
      "name": "SoftlayerDetector"
    },
    {
      "name": "SquareOAuthDetector"
    },
    {
      "name": "StripeDetector"
    },
    {
      "name": "TelegramBotTokenDetector"
    },
    {
      "name": "TwilioKeyDetector"
    }
  ],
  "filters_used": [
    {
      "path": "detect_secrets.filters.allowlist.is_line_allowlisted"
    },
    {
      "path": "detect_secrets.filters.common.is_baseline_file",
      "filename": ".secrets.baseline"
    },
    {
      "path": "detect_secrets.filters.common.is_ignored_due_to_verification_policies",
      "min_level": 2
    },
    {
      "path": "detect_secrets.filters.heuristic.is_indirect_reference"
    },
    {
      "path": "detect_secrets.filters.heuristic.is_likely_id_string"
    },
    {
      "path": "detect_secrets.filters.heuristic.is_lock_file"
    },
    {
      "path": "detect_secrets.filters.heuristic.is_not_alphanumeric_string"
    },
    {
      "path": "detect_secrets.filters.heuristic.is_potential_uuid"
    },
    {
      "path": "detect_secrets.filters.heuristic.is_prefixed_with_dollar_sign"
    },
    {
      "path": "detect_secrets.filters.heuristic.is_sequential_string"
    },
    {
      "path": "detect_secrets.filters.heuristic.is_swagger_file"
    },
    {
      "path": "detect_secrets.filters.heuristic.is_templated_secret"
    }
  ],
  "results": {
    ".github\\workflows\\ci-main.yml": [
      {
        "type": "Secret Keyword",
        "filename": ".github\\workflows\\ci-main.yml",
        "hashed_secret": "16ce0c36e252ad26b0661d419a690023d36345a8",
        "is_verified": false,
        "line_number": 57
      },
      {
        "type": "Secret Keyword",
        "filename": ".github\\workflows\\ci-main.yml",
        "hashed_secret": "a72c55e1eeab03c5dda6db09cdc20ba401348f8d",
        "is_verified": false,
        "line_number": 129
      }
    ],
    "docs\\en_EN\\infrastructure\\devops\\github-secrets.md": [
      {
        "type": "Basic Auth Credentials",
        "filename": "docs\\en_EN\\infrastructure\\devops\\github-secrets.md",
        "hashed_secret": "9d4e1e23bd5b727046a9e3b4b7db57bd8d6ee684",
        "is_verified": false,
        "line_number": 24
      }
    ],
    "tools\\init_project\\actions\\docker\\docker.py": [
      {
        "type": "Secret Keyword",
        "filename": "tools\\init_project\\actions\\docker\\docker.py",
        "hashed_secret": "16ce0c36e252ad26b0661d419a690023d36345a8",
        "is_verified": false,
        "line_number": 146
      },
      {
        "type": "Basic Auth Credentials",
        "filename": "tools\\init_project\\actions\\docker\\docker.py",
        "hashed_secret": "9fb7fe1217aed442b04c0f5e43b5d5a7d3287097",
        "is_verified": false,
        "line_number": 163
      }
    ],
    "tools\\init_project\\installers\\django\\resources\\env.example.tpl": [
      {
        "type": "Basic Auth Credentials",
        "filename": "tools\\init_project\\installers\\django\\resources\\env.example.tpl",
        "hashed_secret": "9d4e1e23bd5b727046a9e3b4b7db57bd8d6ee684",
        "is_verified": false,
        "line_number": 13
      }
    ],
    "tools\\init_project\\installers\\django\\resources\\env.tpl": [
      {
        "type": "Basic Auth Credentials",
        "filename": "tools\\init_project\\installers\\django\\resources\\env.tpl",
        "hashed_secret": "9d4e1e23bd5b727046a9e3b4b7db57bd8d6ee684",
        "is_verified": false,
        "line_number": 12
      }
    ]
  },
  "generated_at": "2026-03-11T13:06:28Z"
}
