============================= test session starts =============================
platform win32 -- Python 3.12.12, pytest-9.0.3, pluggy-1.6.0
django: version: 5.2.13, settings: core.settings.test (from ini)
rootdir: C:\install\projects\clients\lily_website
configfile: pyproject.toml
plugins: anyio-4.13.0, Faker-40.15.0, asyncio-1.3.0, cov-6.3.0, django-4.12.0, httpx-0.36.2, mock-3.15.1
asyncio: mode=Mode.AUTO, debug=False, asyncio_default_fixture_loop_scope=None, asyncio_default_test_loop_scope=function
collected 0 items / 1 error

=================================== ERRORS ====================================
___ ERROR collecting tests/lily_backend/unit/test_cabinet_users_service.py ____
ImportError while importing test module 'C:\install\projects\clients\lily_website\tests\lily_backend\unit\test_cabinet_users_service.py'.
Hint: make sure your test modules/packages have valid Python names.
Traceback:
C:\Users\prime\AppData\Roaming\uv\python\cpython-3.12-windows-x86_64-none\Lib\importlib\__init__.py:90: in import_module
    return _bootstrap._gcd_import(name[level:], package, level)
           ^^^^^^^^^^^^^^^^^^^^^^^^^^^^^^^^^^^^^^^^^^^^^^^^^^^^
tests\lily_backend\unit\test_cabinet_users_service.py:6: in <module>
    from system.models import Client, ClientProfile
E   ImportError: cannot import name 'ClientProfile' from 'system.models' (C:\install\projects\clients\lily_website\src\lily_backend\system\models\__init__.py)
------------------------------- Captured stderr -------------------------------
2026-04-19 19:45:42.550 | WARNING  | features.main.cabinet:get_catalog_sidebar:39 - Database table for 'ServiceCategory' not found. Skipping dynamic sidebar items.
============================== warnings summary ===============================
.venv\Lib\site-packages\django\db\backends\utils.py:98
  C:\install\projects\clients\lily_website\.venv\Lib\site-packages\django\db\backends\utils.py:98: RuntimeWarning: Accessing the database during app initialization is discouraged. To fix this warning, avoid executing queries in AppConfig.ready() or when your app modules are imported.
    warnings.warn(self.APPS_NOT_READY_WARNING_MSG, category=RuntimeWarning)

-- Docs: https://docs.pytest.org/en/stable/how-to/capture-warnings.html
=========================== short test summary info ===========================
ERROR tests/lily_backend/unit/test_cabinet_users_service.py
!!!!!!!!!!!!!!!!!!! Interrupted: 1 error during collection !!!!!!!!!!!!!!!!!!!!
========================= 1 warning, 1 error in 0.56s =========================
